// Jest Snapshot v1, https://goo.gl/fbAQLP

exports[`测试按钮 按钮快照 1`] = `
<div>
  按钮
</div>
`;
